// Jest Snapshot v1, https://goo.gl/fbAQLP

exports[`Tests on TopBar it should match with the snapshot 1`] = `
<div>
  <div
    class="Toastify"
  />
  <div
    style="direction: ltr;"
  >
    <div
      class=""
      style="width: 0%; transition: width 800ms linear 0s; will-change: width, opacity; height: 5px; background-color: blue; position: absolute; opacity: 0;"
    />
    <div
      style="display: table; clear: both;"
    />
  </div>
  <h3 />
  <div
    class="pkm-topBar"
  >
    <div
      class="pkm-div-input"
      style="max-width: 300px;"
    >
      <span
        class="icon-search"
      />
      <input
        class="pkm-input"
        placeholder=""
        value=""
      />
    </div>
    <button
      aria-label="btn-new"
      class="pkm-btn"
      type="button"
    >
      <span
        class="icon-add"
      />
    </button>
  </div>
  <h3 />
</div>
`;
