// Jest Snapshot v1, https://goo.gl/fbAQLP

exports[`Tests on <Input /> it should match with the snapshot 1`] = `
<div>
  <div
    class="pkm-div-input"
    style="max-width: 100px;"
  >
    <span
      class="icon-search"
    />
    <input
      class="pkm-input"
      placeholder="Buscar"
    />
  </div>
</div>
`;
